To honour the JVM settings for this build a single-use Daemon process will be forked. See https://docs.gradle.org/8.1.1/userguide/gradle_daemon.html#sec:disabling_the_daemon.
Daemon will be stopped at the end of the build 

> Configure project :
MixinGradle did not locate the diffplug APT plugin, skipping eclipse task configuration

> Task :clean
> Task :downloadMcpConfig
> Task :extractSrg
> Task :createMcpToSrg

> Task :compileJava
Note: SpongePowered MIXIN Annotation Processor Version=0.8.5 (MixinGradle Version=0.7)
Note: Supported obfuscation types: ObfuscationServiceMCP supports [notch] ObfuscationServiceFG3 supports [searge]
Note: Loading searge mappings from C:\Antigravity_EpicFightCNPCADDON_Agent\CNPC-EpicFight-Addon---hotfix\build\createMcpToSrg\output.tsrg
Note: Writing refmap to C:\Antigravity_EpicFightCNPCADDON_Agent\CNPC-EpicFight-Addon---hotfix\build\tmp\compileJava\compileJava-refmap.json
Note: Writing refmap to C:\Antigravity_EpicFightCNPCADDON_Agent\CNPC-EpicFight-Addon---hotfix\build\tmp\compileJava\compileJava-refmap.json
Note: Writing searge composite mappings to C:\Antigravity_EpicFightCNPCADDON_Agent\CNPC-EpicFight-Addon---hotfix\build\tmp\compileJava\compileJava-mappings.tsrg
Note: Writing refmap to C:\Antigravity_EpicFightCNPCADDON_Agent\CNPC-EpicFight-Addon---hotfix\build\tmp\compileJava\compileJava-refmap.json
Note: Writing refmap to C:\Antigravity_EpicFightCNPCADDON_Agent\CNPC-EpicFight-Addon---hotfix\build\tmp\compileJava\compileJava-refmap.json
Note: Writing searge composite mappings to C:\Antigravity_EpicFightCNPCADDON_Agent\CNPC-EpicFight-Addon---hotfix\build\tmp\compileJava\compileJava-mappings.tsrg
C:\Antigravity_EpicFightCNPCADDON_Agent\CNPC-EpicFight-Addon---hotfix\src\main\java\com\goodbird\cnpcefaddon\common\NpcPatchReloadListener.java:209: error: incompatible types: AssetAccessor is not a functional interface
                Armatures.registerEntityTypeArmature(CustomEntities.entityCustomNpc, patch -> {
                         ^
    multiple non-overriding abstract methods found in interface AssetAccessor
Note: Some input files use unchecked or unsafe operations.
Note: Recompile with -Xlint:unchecked for details.
Note: Some messages have been simplified; recompile with -Xdiags:verbose to get full output
1 error

> Task :compileJava FAILED

FAILURE: Build failed with an exception.

* What went wrong:
Execution failed for task ':compileJava'.
> Compilation failed; see the compiler error output for details.

* Try:
> Run with --stacktrace option to get the stack trace.
> Run with --info or --debug option to get more log output.
> Run with --scan to get full insights.

* Get more help at https://help.gradle.org

Deprecated Gradle features were used in this build, making it incompatible with Gradle 9.0.

You can use '--warning-mode all' to show the individual deprecation warnings and determine if they come from your own scripts or plugins.

See https://docs.gradle.org/8.1.1/userguide/command_line_interface.html#sec:command_line_warnings

BUILD FAILED in 26s
5 actionable tasks: 5 executed
